{"id":1,"name":"Air Miles","shortName":"Miles", "external" :  false}