[{"id":1,"name":"Air Miles","shortName":"Miles", "external": false},{"id":2,"name":"Gold Coins","shortName":"Gold", "external": false},{"id":3,"name":"Swag Tokens","shortName":"Swag Tokens", "external": false}]