{
  "id":2,
  "name": "Gold Coins",
  "shortName": "Gold",
  "external": false
}