{
  "id":3,
  "name": "Swag Tokens",
  "shortName": "Swag Tokens",
  "external": false
}